============================= test session starts =============================
platform win32 -- Python 3.12.3, pytest-9.0.2, pluggy-1.6.0
rootdir: D:\project-test\AURA Agentic\AURA-AGENTIC-aura-stable
configfile: pyproject.toml
plugins: anyio-4.12.0, asyncio-1.3.0, cov-7.0.0
asyncio: mode=Mode.AUTO, debug=False, asyncio_default_fixture_loop_scope=None, asyncio_default_test_loop_scope=function
collected 6 items

tests\test_db_persistence.py ......                                      [100%]

============================== warnings summary ===============================
config\settings.py:12
  D:\project-test\AURA Agentic\AURA-AGENTIC-aura-stable\config\settings.py:12: PydanticDeprecatedSince20: Using extra keyword arguments on `Field` is deprecated and will be removed. Use `json_schema_extra` instead. (Extra keys: 'env'). Deprecated in Pydantic V2.0 to be removed in V3.0. See Pydantic V2 Migration Guide at https://errors.pydantic.dev/2.12/migration/
    openai_api_key: str = Field(default="", env="OPENAI_API_KEY")

config\settings.py:13
  D:\project-test\AURA Agentic\AURA-AGENTIC-aura-stable\config\settings.py:13: PydanticDeprecatedSince20: Using extra keyword arguments on `Field` is deprecated and will be removed. Use `json_schema_extra` instead. (Extra keys: 'env'). Deprecated in Pydantic V2.0 to be removed in V3.0. See Pydantic V2 Migration Guide at https://errors.pydantic.dev/2.12/migration/
    anthropic_api_key: str = Field(default="", env="ANTHROPIC_API_KEY")

config\settings.py:14
  D:\project-test\AURA Agentic\AURA-AGENTIC-aura-stable\config\settings.py:14: PydanticDeprecatedSince20: Using extra keyword arguments on `Field` is deprecated and will be removed. Use `json_schema_extra` instead. (Extra keys: 'env'). Deprecated in Pydantic V2.0 to be removed in V3.0. See Pydantic V2 Migration Guide at https://errors.pydantic.dev/2.12/migration/
    default_provider: str = Field(default="openai", env="DEFAULT_LLM_PROVIDER")

config\settings.py:15
  D:\project-test\AURA Agentic\AURA-AGENTIC-aura-stable\config\settings.py:15: PydanticDeprecatedSince20: Using extra keyword arguments on `Field` is deprecated and will be removed. Use `json_schema_extra` instead. (Extra keys: 'env'). Deprecated in Pydantic V2.0 to be removed in V3.0. See Pydantic V2 Migration Guide at https://errors.pydantic.dev/2.12/migration/
    default_model: str = Field(default="gpt-4", env="DEFAULT_LLM_MODEL")

config\settings.py:16
  D:\project-test\AURA Agentic\AURA-AGENTIC-aura-stable\config\settings.py:16: PydanticDeprecatedSince20: Using extra keyword arguments on `Field` is deprecated and will be removed. Use `json_schema_extra` instead. (Extra keys: 'env'). Deprecated in Pydantic V2.0 to be removed in V3.0. See Pydantic V2 Migration Guide at https://errors.pydantic.dev/2.12/migration/
    temperature: float = Field(default=0.7, env="LLM_TEMPERATURE")

config\settings.py:17
  D:\project-test\AURA Agentic\AURA-AGENTIC-aura-stable\config\settings.py:17: PydanticDeprecatedSince20: Using extra keyword arguments on `Field` is deprecated and will be removed. Use `json_schema_extra` instead. (Extra keys: 'env'). Deprecated in Pydantic V2.0 to be removed in V3.0. See Pydantic V2 Migration Guide at https://errors.pydantic.dev/2.12/migration/
    max_tokens: int = Field(default=4096, env="LLM_MAX_TOKENS")

config\settings.py:22
  D:\project-test\AURA Agentic\AURA-AGENTIC-aura-stable\config\settings.py:22: PydanticDeprecatedSince20: Using extra keyword arguments on `Field` is deprecated and will be removed. Use `json_schema_extra` instead. (Extra keys: 'env'). Deprecated in Pydantic V2.0 to be removed in V3.0. See Pydantic V2 Migration Guide at https://errors.pydantic.dev/2.12/migration/
    mysql_url: str = Field(

config\settings.py:26
  D:\project-test\AURA Agentic\AURA-AGENTIC-aura-stable\config\settings.py:26: PydanticDeprecatedSince20: Using extra keyword arguments on `Field` is deprecated and will be removed. Use `json_schema_extra` instead. (Extra keys: 'env'). Deprecated in Pydantic V2.0 to be removed in V3.0. See Pydantic V2 Migration Guide at https://errors.pydantic.dev/2.12/migration/
    redis_url: str = Field(default="redis://localhost:6379", env="REDIS_URL")

config\settings.py:27
  D:\project-test\AURA Agentic\AURA-AGENTIC-aura-stable\config\settings.py:27: PydanticDeprecatedSince20: Using extra keyword arguments on `Field` is deprecated and will be removed. Use `json_schema_extra` instead. (Extra keys: 'env'). Deprecated in Pydantic V2.0 to be removed in V3.0. See Pydantic V2 Migration Guide at https://errors.pydantic.dev/2.12/migration/
    vector_db_type: str = Field(default="chroma", env="VECTOR_DB_TYPE")

config\settings.py:28
  D:\project-test\AURA Agentic\AURA-AGENTIC-aura-stable\config\settings.py:28: PydanticDeprecatedSince20: Using extra keyword arguments on `Field` is deprecated and will be removed. Use `json_schema_extra` instead. (Extra keys: 'env'). Deprecated in Pydantic V2.0 to be removed in V3.0. See Pydantic V2 Migration Guide at https://errors.pydantic.dev/2.12/migration/
    chroma_persist_dir: str = Field(default="./data/chroma", env="CHROMA_PERSIST_DIR")

config\settings.py:33
  D:\project-test\AURA Agentic\AURA-AGENTIC-aura-stable\config\settings.py:33: PydanticDeprecatedSince20: Using extra keyword arguments on `Field` is deprecated and will be removed. Use `json_schema_extra` instead. (Extra keys: 'env'). Deprecated in Pydantic V2.0 to be removed in V3.0. See Pydantic V2 Migration Guide at https://errors.pydantic.dev/2.12/migration/
    bus_type: str = Field(default="memory", env="MESSAGE_BUS_TYPE")  # memory, kafka, redis

config\settings.py:34
  D:\project-test\AURA Agentic\AURA-AGENTIC-aura-stable\config\settings.py:34: PydanticDeprecatedSince20: Using extra keyword arguments on `Field` is deprecated and will be removed. Use `json_schema_extra` instead. (Extra keys: 'env'). Deprecated in Pydantic V2.0 to be removed in V3.0. See Pydantic V2 Migration Guide at https://errors.pydantic.dev/2.12/migration/
    kafka_brokers: str = Field(default="localhost:9092", env="KAFKA_BROKERS")

config\settings.py:35
  D:\project-test\AURA Agentic\AURA-AGENTIC-aura-stable\config\settings.py:35: PydanticDeprecatedSince20: Using extra keyword arguments on `Field` is deprecated and will be removed. Use `json_schema_extra` instead. (Extra keys: 'env'). Deprecated in Pydantic V2.0 to be removed in V3.0. See Pydantic V2 Migration Guide at https://errors.pydantic.dev/2.12/migration/
    kafka_group_id: str = Field(default="aura-agents", env="KAFKA_GROUP_ID")

config\settings.py:40
  D:\project-test\AURA Agentic\AURA-AGENTIC-aura-stable\config\settings.py:40: PydanticDeprecatedSince20: Using extra keyword arguments on `Field` is deprecated and will be removed. Use `json_schema_extra` instead. (Extra keys: 'env'). Deprecated in Pydantic V2.0 to be removed in V3.0. See Pydantic V2 Migration Guide at https://errors.pydantic.dev/2.12/migration/
    rate_limit_rpm: int = Field(default=60, env="AGENT_RATE_LIMIT_RPM")

config\settings.py:41
  D:\project-test\AURA Agentic\AURA-AGENTIC-aura-stable\config\settings.py:41: PydanticDeprecatedSince20: Using extra keyword arguments on `Field` is deprecated and will be removed. Use `json_schema_extra` instead. (Extra keys: 'env'). Deprecated in Pydantic V2.0 to be removed in V3.0. See Pydantic V2 Migration Guide at https://errors.pydantic.dev/2.12/migration/
    rate_limit_tpm: int = Field(default=100000, env="AGENT_RATE_LIMIT_TPM")

config\settings.py:42
  D:\project-test\AURA Agentic\AURA-AGENTIC-aura-stable\config\settings.py:42: PydanticDeprecatedSince20: Using extra keyword arguments on `Field` is deprecated and will be removed. Use `json_schema_extra` instead. (Extra keys: 'env'). Deprecated in Pydantic V2.0 to be removed in V3.0. See Pydantic V2 Migration Guide at https://errors.pydantic.dev/2.12/migration/
    retry_attempts: int = Field(default=3, env="AGENT_RETRY_ATTEMPTS")

config\settings.py:43
  D:\project-test\AURA Agentic\AURA-AGENTIC-aura-stable\config\settings.py:43: PydanticDeprecatedSince20: Using extra keyword arguments on `Field` is deprecated and will be removed. Use `json_schema_extra` instead. (Extra keys: 'env'). Deprecated in Pydantic V2.0 to be removed in V3.0. See Pydantic V2 Migration Guide at https://errors.pydantic.dev/2.12/migration/
    timeout_seconds: int = Field(default=60, env="AGENT_TIMEOUT_SECONDS")

config\settings.py:44
  D:\project-test\AURA Agentic\AURA-AGENTIC-aura-stable\config\settings.py:44: PydanticDeprecatedSince20: Using extra keyword arguments on `Field` is deprecated and will be removed. Use `json_schema_extra` instead. (Extra keys: 'env'). Deprecated in Pydantic V2.0 to be removed in V3.0. See Pydantic V2 Migration Guide at https://errors.pydantic.dev/2.12/migration/
    memory_type: str = Field(default="conversation_summary", env="AGENT_MEMORY_TYPE")

config\settings.py:49
  D:\project-test\AURA Agentic\AURA-AGENTIC-aura-stable\config\settings.py:49: PydanticDeprecatedSince20: Using extra keyword arguments on `Field` is deprecated and will be removed. Use `json_schema_extra` instead. (Extra keys: 'env'). Deprecated in Pydantic V2.0 to be removed in V3.0. See Pydantic V2 Migration Guide at https://errors.pydantic.dev/2.12/migration/
    default_test_count: int = Field(default=100, env="AUDIT_DEFAULT_TEST_COUNT")

config\settings.py:50
  D:\project-test\AURA Agentic\AURA-AGENTIC-aura-stable\config\settings.py:50: PydanticDeprecatedSince20: Using extra keyword arguments on `Field` is deprecated and will be removed. Use `json_schema_extra` instead. (Extra keys: 'env'). Deprecated in Pydantic V2.0 to be removed in V3.0. See Pydantic V2 Migration Guide at https://errors.pydantic.dev/2.12/migration/
    parallel_execution: bool = Field(default=True, env="AUDIT_PARALLEL_EXECUTION")

config\settings.py:51
  D:\project-test\AURA Agentic\AURA-AGENTIC-aura-stable\config\settings.py:51: PydanticDeprecatedSince20: Using extra keyword arguments on `Field` is deprecated and will be removed. Use `json_schema_extra` instead. (Extra keys: 'env'). Deprecated in Pydantic V2.0 to be removed in V3.0. See Pydantic V2 Migration Guide at https://errors.pydantic.dev/2.12/migration/
    batch_size: int = Field(default=10, env="AUDIT_BATCH_SIZE")

config\settings.py:52
  D:\project-test\AURA Agentic\AURA-AGENTIC-aura-stable\config\settings.py:52: PydanticDeprecatedSince20: Using extra keyword arguments on `Field` is deprecated and will be removed. Use `json_schema_extra` instead. (Extra keys: 'env'). Deprecated in Pydantic V2.0 to be removed in V3.0. See Pydantic V2 Migration Guide at https://errors.pydantic.dev/2.12/migration/
    early_stopping: bool = Field(default=True, env="AUDIT_EARLY_STOPPING")

config\settings.py:53
  D:\project-test\AURA Agentic\AURA-AGENTIC-aura-stable\config\settings.py:53: PydanticDeprecatedSince20: Using extra keyword arguments on `Field` is deprecated and will be removed. Use `json_schema_extra` instead. (Extra keys: 'env'). Deprecated in Pydantic V2.0 to be removed in V3.0. See Pydantic V2 Migration Guide at https://errors.pydantic.dev/2.12/migration/
    confidence_threshold: float = Field(default=0.95, env="AUDIT_CONFIDENCE_THRESHOLD")

config\settings.py:58
  D:\project-test\AURA Agentic\AURA-AGENTIC-aura-stable\config\settings.py:58: PydanticDeprecatedSince20: Using extra keyword arguments on `Field` is deprecated and will be removed. Use `json_schema_extra` instead. (Extra keys: 'env'). Deprecated in Pydantic V2.0 to be removed in V3.0. See Pydantic V2 Migration Guide at https://errors.pydantic.dev/2.12/migration/
    prometheus_enabled: bool = Field(default=True, env="PROMETHEUS_ENABLED")

config\settings.py:59
  D:\project-test\AURA Agentic\AURA-AGENTIC-aura-stable\config\settings.py:59: PydanticDeprecatedSince20: Using extra keyword arguments on `Field` is deprecated and will be removed. Use `json_schema_extra` instead. (Extra keys: 'env'). Deprecated in Pydantic V2.0 to be removed in V3.0. See Pydantic V2 Migration Guide at https://errors.pydantic.dev/2.12/migration/
    prometheus_port: int = Field(default=8000, env="PROMETHEUS_PORT")

config\settings.py:60
  D:\project-test\AURA Agentic\AURA-AGENTIC-aura-stable\config\settings.py:60: PydanticDeprecatedSince20: Using extra keyword arguments on `Field` is deprecated and will be removed. Use `json_schema_extra` instead. (Extra keys: 'env'). Deprecated in Pydantic V2.0 to be removed in V3.0. See Pydantic V2 Migration Guide at https://errors.pydantic.dev/2.12/migration/
    log_level: str = Field(default="INFO", env="LOG_LEVEL")

config\settings.py:61
  D:\project-test\AURA Agentic\AURA-AGENTIC-aura-stable\config\settings.py:61: PydanticDeprecatedSince20: Using extra keyword arguments on `Field` is deprecated and will be removed. Use `json_schema_extra` instead. (Extra keys: 'env'). Deprecated in Pydantic V2.0 to be removed in V3.0. See Pydantic V2 Migration Guide at https://errors.pydantic.dev/2.12/migration/
    log_format: str = Field(default="json", env="LOG_FORMAT")

config\settings.py:66
  D:\project-test\AURA Agentic\AURA-AGENTIC-aura-stable\config\settings.py:66: PydanticDeprecatedSince20: Using extra keyword arguments on `Field` is deprecated and will be removed. Use `json_schema_extra` instead. (Extra keys: 'env'). Deprecated in Pydantic V2.0 to be removed in V3.0. See Pydantic V2 Migration Guide at https://errors.pydantic.dev/2.12/migration/
    host: str = Field(default="0.0.0.0", env="API_HOST")

config\settings.py:67
  D:\project-test\AURA Agentic\AURA-AGENTIC-aura-stable\config\settings.py:67: PydanticDeprecatedSince20: Using extra keyword arguments on `Field` is deprecated and will be removed. Use `json_schema_extra` instead. (Extra keys: 'env'). Deprecated in Pydantic V2.0 to be removed in V3.0. See Pydantic V2 Migration Guide at https://errors.pydantic.dev/2.12/migration/
    port: int = Field(default=8080, env="API_PORT")

config\settings.py:68
  D:\project-test\AURA Agentic\AURA-AGENTIC-aura-stable\config\settings.py:68: PydanticDeprecatedSince20: Using extra keyword arguments on `Field` is deprecated and will be removed. Use `json_schema_extra` instead. (Extra keys: 'env'). Deprecated in Pydantic V2.0 to be removed in V3.0. See Pydantic V2 Migration Guide at https://errors.pydantic.dev/2.12/migration/
    workers: int = Field(default=1, env="API_WORKERS")

config\settings.py:69
  D:\project-test\AURA Agentic\AURA-AGENTIC-aura-stable\config\settings.py:69: PydanticDeprecatedSince20: Using extra keyword arguments on `Field` is deprecated and will be removed. Use `json_schema_extra` instead. (Extra keys: 'env'). Deprecated in Pydantic V2.0 to be removed in V3.0. See Pydantic V2 Migration Guide at https://errors.pydantic.dev/2.12/migration/
    reload: bool = Field(default=False, env="API_RELOAD")

config\settings.py:70
  D:\project-test\AURA Agentic\AURA-AGENTIC-aura-stable\config\settings.py:70: PydanticDeprecatedSince20: Using extra keyword arguments on `Field` is deprecated and will be removed. Use `json_schema_extra` instead. (Extra keys: 'env'). Deprecated in Pydantic V2.0 to be removed in V3.0. See Pydantic V2 Migration Guide at https://errors.pydantic.dev/2.12/migration/
    cors_origins: List[str] = Field(default=["*"], env="CORS_ORIGINS")

config\settings.py:77
  D:\project-test\AURA Agentic\AURA-AGENTIC-aura-stable\config\settings.py:77: PydanticDeprecatedSince20: Using extra keyword arguments on `Field` is deprecated and will be removed. Use `json_schema_extra` instead. (Extra keys: 'env'). Deprecated in Pydantic V2.0 to be removed in V3.0. See Pydantic V2 Migration Guide at https://errors.pydantic.dev/2.12/migration/
    environment: str = Field(default="development", env="ENVIRONMENT")

config\settings.py:78
  D:\project-test\AURA Agentic\AURA-AGENTIC-aura-stable\config\settings.py:78: PydanticDeprecatedSince20: Using extra keyword arguments on `Field` is deprecated and will be removed. Use `json_schema_extra` instead. (Extra keys: 'env'). Deprecated in Pydantic V2.0 to be removed in V3.0. See Pydantic V2 Migration Guide at https://errors.pydantic.dev/2.12/migration/
    debug: bool = Field(default=False, env="DEBUG")

config\settings.py:73
  D:\project-test\AURA Agentic\AURA-AGENTIC-aura-stable\config\settings.py:73: PydanticDeprecatedSince20: Support for class-based `config` is deprecated, use ConfigDict instead. Deprecated in Pydantic V2.0 to be removed in V3.0. See Pydantic V2 Migration Guide at https://errors.pydantic.dev/2.12/migration/
    class Settings(BaseSettings):

src\models\orm.py:6
  D:\project-test\AURA Agentic\AURA-AGENTIC-aura-stable\src\models\orm.py:6: MovedIn20Warning: The ``declarative_base()`` function is now available as sqlalchemy.orm.declarative_base(). (deprecated since: 2.0) (Background on SQLAlchemy 2.0 at: https://sqlalche.me/e/b8d9)
    Base = declarative_base()

tests/test_db_persistence.py: 29 warnings
  D:\project-test\AURA Agentic\AURA-AGENTIC-aura-stable\myenv\Lib\site-packages\pydantic\main.py:250: DeprecationWarning: datetime.datetime.utcnow() is deprecated and scheduled for removal in a future version. Use timezone-aware objects to represent datetimes in UTC: datetime.datetime.now(datetime.UTC).
    validated_self = self.__pydantic_validator__.validate_python(data, self_instance=self)

tests/test_db_persistence.py::test_policy_persistence
tests/test_db_persistence.py::test_policy_persistence
tests/test_db_persistence.py::test_monitor_persistence
tests/test_db_persistence.py::test_monitor_persistence
tests/test_db_persistence.py::test_learning_persistence
tests/test_db_persistence.py::test_learning_persistence
  D:\project-test\AURA Agentic\AURA-AGENTIC-aura-stable\src\core\base_agent.py:62: DeprecationWarning: datetime.datetime.utcnow() is deprecated and scheduled for removal in a future version. Use timezone-aware objects to represent datetimes in UTC: datetime.datetime.now(datetime.UTC).
    self._start_time = datetime.utcnow()

tests/test_db_persistence.py::test_audit_persistence
  D:\project-test\AURA Agentic\AURA-AGENTIC-aura-stable\tests\test_db_persistence.py:64: DeprecationWarning: datetime.datetime.utcnow() is deprecated and scheduled for removal in a future version. Use timezone-aware objects to represent datetimes in UTC: datetime.datetime.now(datetime.UTC).
    "saved_at": datetime.utcnow().isoformat()

tests/test_db_persistence.py::test_audit_persistence
  D:\project-test\AURA Agentic\AURA-AGENTIC-aura-stable\src\core\audit_repository.py:66: DeprecationWarning: datetime.datetime.utcnow() is deprecated and scheduled for removal in a future version. Use timezone-aware objects to represent datetimes in UTC: datetime.datetime.now(datetime.UTC).
    saved_at=datetime.utcnow()

tests/test_db_persistence.py::test_audit_persistence
tests/test_db_persistence.py::test_compliance_score_persistence
tests/test_db_persistence.py::test_monitor_persistence
tests/test_db_persistence.py::test_workflow_persistence
  D:\project-test\AURA Agentic\AURA-AGENTIC-aura-stable\myenv\Lib\site-packages\sqlalchemy\sql\schema.py:3624: DeprecationWarning: datetime.datetime.utcnow() is deprecated and scheduled for removal in a future version. Use timezone-aware objects to represent datetimes in UTC: datetime.datetime.now(datetime.UTC).
    return util.wrap_callable(lambda ctx: fn(), fn)  # type: ignore

tests/test_db_persistence.py::test_compliance_score_persistence
tests/test_db_persistence.py::test_compliance_score_persistence
  D:\project-test\AURA Agentic\AURA-AGENTIC-aura-stable\src\core\compliance_scoring.py:159: DeprecationWarning: datetime.datetime.utcnow() is deprecated and scheduled for removal in a future version. Use timezone-aware objects to represent datetimes in UTC: datetime.datetime.now(datetime.UTC).
    next_review: datetime = Field(default_factory=lambda: datetime.utcnow() + timedelta(days=30))

tests/test_db_persistence.py::test_monitor_persistence
  D:\project-test\AURA Agentic\AURA-AGENTIC-aura-stable\src\agents\monitor_agent.py:270: DeprecationWarning: datetime.datetime.utcnow() is deprecated and scheduled for removal in a future version. Use timezone-aware objects to represent datetimes in UTC: datetime.datetime.now(datetime.UTC).
    "id": f"alert_{datetime.utcnow().strftime('%Y%m%d%H%M%S')}",

tests/test_db_persistence.py::test_monitor_persistence
  D:\project-test\AURA Agentic\AURA-AGENTIC-aura-stable\src\agents\monitor_agent.py:275: DeprecationWarning: datetime.datetime.utcnow() is deprecated and scheduled for removal in a future version. Use timezone-aware objects to represent datetimes in UTC: datetime.datetime.now(datetime.UTC).
    "timestamp": datetime.utcnow().isoformat(),

tests/test_db_persistence.py::test_monitor_persistence
  D:\project-test\AURA Agentic\AURA-AGENTIC-aura-stable\src\agents\monitor_agent.py:291: DeprecationWarning: datetime.datetime.utcnow() is deprecated and scheduled for removal in a future version. Use timezone-aware objects to represent datetimes in UTC: datetime.datetime.now(datetime.UTC).
    timestamp=datetime.utcnow()

tests/test_db_persistence.py::test_learning_persistence
  D:\project-test\AURA Agentic\AURA-AGENTIC-aura-stable\tests\test_db_persistence.py:191: DeprecationWarning: datetime.datetime.utcnow() is deprecated and scheduled for removal in a future version. Use timezone-aware objects to represent datetimes in UTC: datetime.datetime.now(datetime.UTC).
    timestamp=datetime.utcnow()

tests/test_db_persistence.py::test_workflow_persistence
  D:\project-test\AURA Agentic\AURA-AGENTIC-aura-stable\tests\test_db_persistence.py:242: DeprecationWarning: datetime.datetime.utcnow() is deprecated and scheduled for removal in a future version. Use timezone-aware objects to represent datetimes in UTC: datetime.datetime.now(datetime.UTC).
    "start_time": datetime.utcnow().isoformat(),

tests/test_db_persistence.py::test_workflow_persistence
  D:\project-test\AURA Agentic\AURA-AGENTIC-aura-stable\src\orchestration\workflow_engine.py:254: DeprecationWarning: datetime.datetime.utcnow() is deprecated and scheduled for removal in a future version. Use timezone-aware objects to represent datetimes in UTC: datetime.datetime.now(datetime.UTC).
    updated_at=datetime.utcnow()

-- Docs: https://docs.pytest.org/en/stable/how-to/capture-warnings.html
======================= 6 passed, 85 warnings in 3.40s ========================
